অনুশােচিত /ওনুশােচিতাে/ [স, অনু+ /শুচ+ত] বিণ.
অনুতপ্ত।
অনুষঙ্গ /ওনুশংগাে/ সি, অনু+ Vসজ+ অ] বি. ১
প্রসঙ্গ। ২ আসক্তি; স্নেহ। ৩ অনুগ্রহ, অনুকম্পা।
bounds: (11,4),(612,4),(612,197),(11,197)অনুশােচিতbounds: (12,4),(155,4),(155,59),(12,59)/bounds: (165,4),(176,4),(176,59),(165,59)ওনুশােচিতােbounds: (182,4),(299,4),(299,59),(182,59)/bounds: (313,4),(324,4),(324,59),(313,59)[bounds: (337,4),(345,4),(345,59),(337,59)সbounds: (345,4),(353,4),(353,59),(345,59),bounds: (358,4),(366,4),(366,59),(358,59)অনুbounds: (388,4),(422,4),(422,59),(388,59)+bounds: (431,4),(441,4),(441,59),(431,59)/bounds: (451,4),(462,4),(462,59),(451,59)শুচbounds: (465,4),(495,4),(495,59),(465,59)+bounds: (501,4),(512,4),(512,59),(501,59)তbounds: (523,4),(534,4),(534,59),(523,59)]bounds: (537,4),(548,4),(548,59),(537,59)বিণbounds: (565,4),(604,4),(604,59),(565,59).bounds: (607,4),(609,4),(609,59),(607,59)অনুতপ্তbounds: (56,64),(127,62),(128,99),(57,101)।bounds: (132,62),(142,62),(143,99),(133,99)অনুষঙ্গbounds: (11,105),(116,104),(116,148),(11,149)/bounds: (133,105),(141,105),(141,148),(133,148)ওনুশংগােbounds: (145,104),(232,103),(232,146),(145,147)/bounds: (247,104),(260,104),(260,147),(247,147)সিbounds: (279,103),(294,103),(294,146),(279,146),bounds: (293,103),(301,103),(301,146),(293,146)অনুbounds: (331,103),(369,103),(369,146),(331,146)+bounds: (375,103),(384,103),(384,146),(375,146)Vbounds: (397,103),(407,103),(407,146),(397,146)সজbounds: (404,102),(471,102),(471,146),(404,146)+bounds: (476,102),(486,102),(486,145),(476,145)অbounds: (491,102),(514,102),(514,145),(491,145)]bounds: (517,102),(522,102),(522,145),(517,145)বিbounds: (545,102),(566,102),(566,145),(545,145).bounds: (571,101),(574,101),(574,144),(571,144)১bounds: (601,101),(612,101),(612,144),(601,144)প্রসঙ্গbounds: (44,146),(108,147),(107,190),(43,189)।bounds: (116,148),(125,148),(124,190),(115,190)২bounds: (138,148),(150,148),(149,190),(137,190)আসক্তিbounds: (165,148),(235,149),(234,192),(164,191);bounds: (245,150),(256,150),(255,192),(244,192)স্নেহbounds: (276,150),(324,151),(323,193),(275,192)।bounds: (333,151),(337,151),(336,193),(332,193)৩bounds: (347,151),(364,151),(363,193),(346,193)অনুগ্রহbounds: (384,151),(454,152),(453,195),(383,194),bounds: (465,153),(474,153),(473,195),(464,195)অনুকম্পাbounds: (495,153),(583,154),(582,197),(494,196)।bounds: (590,155),(601,155),(600,197),(589,197)